#-----------------------------------------------------------
# Vivado v2013.4 (64-bit)
# SW Build 353583 on Mon Dec  9 17:26:26 MST 2013
# IP Build 208076 on Mon Dec  2 12:38:17 MST 2013
# Start of session at: Thu Dec  1 13:13:56 2016
# Process ID: 7683
# Log file: /home/snoperator/project_tubii_7020/vivado.log
# Journal file: /home/snoperator/project_tubii_7020/vivado.jou
#-----------------------------------------------------------
start_gui
open_project /home/snoperator/project_tubii_7020/project_tubii_7020.xpr
open_bd_design {/home/snoperator/project_tubii_7020/project_tubii_7020.srcs/sources_1/bd/system/system.bd}
ipx::edit_ip_in_project -upgrade true -name {burstTrigger_v1_0_project} -directory {/home/snoperator/project_tubii_7020/burstTrigger_1.0/burstTrigger_v1_0_project} {/home/snoperator/project_tubii_7020/burstTrigger_1.0/component.xml}
update_compile_order -fileset sim_1
current_project project_tubii_7020
remove_files {/project_tubii_7020/project_tubii_7020.srcs/sources_1/bd/system/ip/system_ShiftRegs_0_0/system_ShiftRegs_0_0.upgrade_log /project_tubii_7020/project_tubii_7020.srcs/sources_1/bd/system/ip/system_triggerSplit_0_0/system_triggerSplit_0_0.upgrade_log /project_tubii_7020/project_tubii_7020.srcs/sources_1/bd/system/ip/system_triggerOut_0_0/system_triggerOut_0_0.upgrade_log}
remove_files {/home/snoperator/project_tubii_7020/project_tubii_7020.srcs/sources_1/bd/system/ip/system_counter_0_0/system_counter_0_0.upgrade_log /home/snoperator/project_tubii_7020/project_tubii_7020.srcs/sources_1/bd/system/ip/system_oneshot_pulse_2_3/system_oneshot_pulse_2_3.upgrade_log}
current_project burstTrigger_v1_0_project
launch_runs synth_1
wait_on_run synth_1
ipx::remove_all_port [ipx::current_core]
ipx::add_ports_from_hdl [ipx::current_core] -top_level_hdl_file {/home/snoperator/project_tubii_7020/burstTrigger_1.0/hdl/burstTrigger_v1_0.vhd} -top_module_name {burstTrigger_v1_0}
ipx::update_ip_instances -delete_project true
startgroup
create_bd_cell -type ip -vlnv xilinx.com:ip:util_vector_logic:1.0 util_vector_logic_7
endgroup
set_property location {4 1881 307} [get_bd_cells burstTrigger_0]
set_property location {3 1593 322} [get_bd_cells util_vector_logic_7]
connect_bd_net -net [get_bd_nets ext_trig_in_1] [get_bd_ports ext_trig_in] [get_bd_pins util_vector_logic_7/Op1]
disconnect_bd_net /ext_trig_in_1 [get_bd_pins burstTrigger_0/burst_trigin]
startgroup
set_property -dict [list CONFIG.C_SIZE {16}] [get_bd_cells util_vector_logic_7]
endgroup
connect_bd_net [get_bd_pins burstTrigger_0/burst_master_mask] [get_bd_pins util_vector_logic_7/Op2]
set_property location {5 2244 105} [get_bd_cells burstTrigger_0]
startgroup
create_bd_cell -type ip -vlnv xilinx.com:ip:util_reduced_logic:1.0 util_reduced_logic_5
endgroup
set_property location {4 2011 396} [get_bd_cells util_reduced_logic_5]
startgroup
set_property -dict [list CONFIG.C_SIZE {16} CONFIG.C_OPERATION {or}] [get_bd_cells util_reduced_logic_5]
endgroup
connect_bd_net [get_bd_pins util_vector_logic_7/Res] [get_bd_pins util_reduced_logic_5/Op1]
connect_bd_net [get_bd_pins util_reduced_logic_5/Res] [get_bd_pins burstTrigger_0/burst_trigin]
startgroup
create_bd_cell -type ip -vlnv xilinx.com:ip:util_vector_logic:1.0 util_vector_logic_8
endgroup
set_property location {4 1964 569} [get_bd_cells util_vector_logic_8]
set_property -dict [list CONFIG.C_SIZE {16}] [get_bd_cells util_vector_logic_8]
connect_bd_net -net [get_bd_nets util_vector_logic_7_Res] [get_bd_pins util_vector_logic_8/Op1] [get_bd_pins util_vector_logic_7/Res]
connect_bd_net [get_bd_pins burstTrigger_0/burst_slave_mask] [get_bd_pins util_vector_logic_8/Op2]
startgroup
create_bd_cell -type ip -vlnv xilinx.com:ip:util_reduced_logic:1.0 util_reduced_logic_6
endgroup
set_property location {5 2324 557} [get_bd_cells util_reduced_logic_6]
set_property -dict [list CONFIG.C_SIZE {16}] [get_bd_cells util_reduced_logic_6]
connect_bd_net [get_bd_pins util_vector_logic_8/Res] [get_bd_pins util_reduced_logic_6/Op1]
startgroup
create_bd_cell -type ip -vlnv xilinx.com:ip:util_vector_logic:1.0 util_vector_logic_9
endgroup
set_property location {6 2637 461} [get_bd_cells util_vector_logic_9]
disconnect_bd_net /burstTrigger_0_s00_axi_trigout1 [get_bd_pins xlconcat_0/In5]
set_property -dict [list CONFIG.C_SIZE {1}] [get_bd_cells util_vector_logic_9]
connect_bd_net [get_bd_pins util_reduced_logic_6/Res] [get_bd_pins util_vector_logic_9/Op2]
connect_bd_net -net [get_bd_nets burstTrigger_0_s00_axi_trigout1] [get_bd_pins util_vector_logic_9/Op1] [get_bd_pins burstTrigger_0/burst_trigout]
connect_bd_net [get_bd_pins util_vector_logic_9/Res] [get_bd_pins xlconcat_0/In5]
startgroup
endgroup
startgroup
set_property -dict [list CONFIG.C_OPERATION {or}] [get_bd_cells util_reduced_logic_6]
endgroup
validate_bd_design
save_bd_design
reset_run synth_1
launch_runs synth_1
wait_on_run synth_1
launch_runs impl_1
wait_on_run impl_1
open_run impl_1
launch_runs impl_1 -to_step write_bitstream
wait_on_run impl_1
export_hardware [get_files /home/snoperator/project_tubii_7020/project_tubii_7020.srcs/sources_1/bd/system/system.bd] [get_runs impl_1] -bitstream
export_hardware [get_files /home/snoperator/project_tubii_7020/project_tubii_7020.srcs/sources_1/bd/system/system.bd] [get_runs impl_1] -bitstream
