Copyright 1986-1999, 2001-2013 Xilinx, Inc. All Rights Reserved.
----------------------------------------------------------------------------------------------------------------------------------
| Tool Version : Vivado v.2013.4 (win64) Build 353583 Mon Dec  9 17:49:19 MST 2013
| Date         : Fri Apr 22 12:27:32 2016
| Host         : Ian-Penn running 64-bit Service Pack 1  (build 7601)
| Command      : report_timing_summary -file system_wrapper_timing_summary_routed.rpt -pb system_wrapper_timing_summary_routed.pb
| Design       : system_wrapper
| Device       : 7z020-clg400
| Speed File   : -1  PRODUCTION 1.09 2013-11-22
----------------------------------------------------------------------------------------------------------------------------------

Timing Summary Report

------------------------------------------------------------------------------------------------
| Timer Settings
| --------------
------------------------------------------------------------------------------------------------

  Enable Multi Corner Analysis               :  Yes
  Enable Pessimism Removal                   :  Yes
  Pessimism Removal Resolution               :  Nearest Common Node
  Enable Input Delay Default Clock           :  No
  Enable Preset / Clear Arcs                 :  No
  Disable Flight Delays                      :  No

  Corner  Analyze    Analyze    
  Name    Max Paths  Min Paths  
  ------  ---------  ---------  
  Slow    Yes        Yes        
  Fast    Yes        Yes        


------------------------------------------------------------------------------------------------
| Check Timing
| ------------
------------------------------------------------------------------------------------------------


Checking 'no_clock'.
 There are 2536 register/latch pins with no clock driven by: Clk_in_IBUF_BUFG_inst/O and possible clock pin by: Clk_in 
 There are 144 register/latch pins with no clock driven by: system_i/fifo_readout_0/U0/fifo_readout_v1_0_S00_AXI_inst/READ_reg/Q and possible clock pin by: system_i/fifo_readout_0/U0/fifo_readout_v1_0_S00_AXI_inst/READ_reg/Q 
 There are 656 register/latch pins with no clock driven by: system_i/triggers_0/U0/triggers_v1_0_S00_AXI_inst/GTRIGout_reg/Q and possible clock pin by: system_i/triggers_0/U0/triggers_v1_0_S00_AXI_inst/GTRIGout_reg/Q 
 There are 0 register/latch pins with constant_clock.

Checking 'unconstrained_internal_endpoints'.
 There are 6718 pins that are not constrained for maximum delay.
 There are 0 pins that are not constrained for maximum delay due to constant clock.

Checking 'no_input_delay'.
 There are 27 input ports with no input delay specified.

Checking 'no_output_delay'.
 There are 27 ports with no output delay specified.

Checking 'multiple_clock'.
 There are 0 register/latch pins with related clocks.
 There are 0 register/latch pins with exclusive clocks.

Checking 'generated_clocks'.
 There are 0 generated clocks that are not connected to a clock source.

Checking 'loops'.
 There are 0 combinational loops in the design.

Checking 'partial_input_delay'.
 There are 0 input ports with partial input delay specified.

Checking 'partial_output_delay'.
 There are 0 ports with partial output delay specified.

Checking 'unexpandable_clocks'.
 There are 0 related clock pairs.
 There are 0 User Ignored clock pairs.

Checking 'latch_loops'.
 There are 0 combinational latch loops in the design through latch input

------------------------------------------------------------------------------------------------
| Design Timing Summary
| ---------------------
------------------------------------------------------------------------------------------------

    WNS(ns)      TNS(ns)  TNS Failing Endpoints  TNS Total Endpoints      WHS(ns)      THS(ns)  THS Failing Endpoints  THS Total Endpoints     WPWS(ns)     TPWS(ns)  TPWS Failing Endpoints  TPWS Total Endpoints  
    -------      -------  ---------------------  -------------------      -------      -------  ---------------------  -------------------     --------     --------  ----------------------  --------------------  
      0.153        0.000                      0                20331        0.047        0.000                      0                19686        3.750        0.000                       0                  9091  


All user specified timing constraints are met.


------------------------------------------------------------------------------------------------
| Clock Summary
| -------------
------------------------------------------------------------------------------------------------

Clock       Waveform(ns)       Period(ns)      Frequency(MHz)
-----       ------------       ----------      --------------
clk_fpga_0  {0.000 5.000}      10.000          100.000         


------------------------------------------------------------------------------------------------
| Intra Clock Table
| -----------------
------------------------------------------------------------------------------------------------

Clock             WNS(ns)      TNS(ns)  TNS Failing Endpoints  TNS Total Endpoints      WHS(ns)      THS(ns)  THS Failing Endpoints  THS Total Endpoints     WPWS(ns)     TPWS(ns)  TPWS Failing Endpoints  TPWS Total Endpoints  
-----             -------      -------  ---------------------  -------------------      -------      -------  ---------------------  -------------------     --------     --------  ----------------------  --------------------  
clk_fpga_0          0.153        0.000                      0                18781        0.047        0.000                      0                18781        3.750        0.000                       0                  9091  


------------------------------------------------------------------------------------------------
| Inter Clock Table
| -----------------
------------------------------------------------------------------------------------------------

From Clock    To Clock          WNS(ns)      TNS(ns)  TNS Failing Endpoints  TNS Total Endpoints      WHS(ns)      THS(ns)  THS Failing Endpoints  THS Total Endpoints  
----------    --------          -------      -------  ---------------------  -------------------      -------      -------  ---------------------  -------------------  


------------------------------------------------------------------------------------------------
| Other Path Groups Table
| -----------------------
------------------------------------------------------------------------------------------------

Path Group         From Clock         To Clock               WNS(ns)      TNS(ns)  TNS Failing Endpoints  TNS Total Endpoints      WHS(ns)      THS(ns)  THS Failing Endpoints  THS Total Endpoints  
----------         ----------         --------               -------      -------  ---------------------  -------------------      -------      -------  ---------------------  -------------------  
**async_default**  clk_fpga_0         clk_fpga_0               4.079        0.000                      0                  905        0.107        0.000                      0                  905  
**default**        clk_fpga_0                                  7.160        0.000                      0                  645                                                                        


------------------------------------------------------------------------------------------------
| Timing Details
| --------------
------------------------------------------------------------------------------------------------


---------------------------------------------------------------------------------------------------
From Clock:  clk_fpga_0
  To Clock:  clk_fpga_0

Setup :            0  Failing Endpoints,  Worst Slack        0.153ns,  Total Violation        0.000ns
Hold  :            0  Failing Endpoints,  Worst Slack        0.047ns,  Total Violation        0.000ns
PW    :            0  Failing Endpoints,  Worst Slack        3.750ns,  Total Violation        0.000ns
---------------------------------------------------------------------------------------------------


Max Delay Paths
--------------------------------------------------------------------------------------
Slack (MET) :             0.153ns  (required time - arrival time)
  Source:                 system_i/processing_system7_0/U0/PS7_i/MAXIGP0ACLK
                            (rising edge-triggered cell PS7 clocked by clk_fpga_0  {rise@0.000ns fall@5.000ns period=10.000ns})
  Destination:            system_i/triggers_0/U0/triggers_v1_0_S00_AXI_inst/slv_reg6_reg[13]/D
                            (rising edge-triggered cell FDRE clocked by clk_fpga_0  {rise@0.000ns fall@5.000ns period=10.000ns})
  Path Group:             clk_fpga_0
  Path Type:              Setup (Max at Slow Process Corner)
  Requirement:            10.000ns  (clk_fpga_0 rise@10.000ns - clk_fpga_0 rise@0.000ns)
  Data Path Delay:        9.609ns  (logic 1.550ns (16.131%)  route 8.059ns (83.869%))
  Logic Levels:           1  (LUT6=1)
  Clock Path Skew:        -0.115ns (DCD - SCD + CPR)
    Destination Clock Delay (DCD):    4.075ns = ( 14.075 - 10.000 ) 
    Source Clock Delay      (SCD):    4.618ns
    Clock Pessimism Removal (CPR):    0.428ns
  Clock Uncertainty:      0.154ns  ((TSJ^2 + TIJ^2)^1/2 + DJ) / 2 + PE
    Total System Jitter     (TSJ):    0.071ns
    Total Input Jitter      (TIJ):    0.300ns
    Discrete Jitter          (DJ):    0.000ns
    Phase Error              (PE):    0.000ns

    Location             Delay type                Incr(ns)  Path(ns)    Netlist Resource(s)
  -------------------------------------------------------------------    -------------------
                         (clock clk_fpga_0 rise edge)
                                                      0.000     0.000 r  
    PS7_X0Y0             PS7                          0.000     0.000 r  system_i/processing_system7_0/U0/PS7_i/FCLKCLK[0]
                         net (fo=1, routed)           2.780     2.780    system_i/processing_system7_0/U0/FCLK_CLK_unbuffered[0]
    BUFGCTRL_X0Y16       BUFG (Prop_bufg_I_O)         0.101     2.881 r  system_i/processing_system7_0/U0/buffer_fclk_clk_0.FCLK_CLK_0_BUFG/O
                         net (fo=9091, routed)        1.737     4.618    system_i/processing_system7_0/U0/M_AXI_GP0_ACLK
    PS7_X0Y0                                                          r  system_i/processing_system7_0/U0/PS7_i/MAXIGP0ACLK
  -------------------------------------------------------------------    -------------------
    PS7_X0Y0             PS7 (Prop_ps7_MAXIGP0ACLK_MAXIGP0WSTRB[1])
                                                      1.426     6.044 r  system_i/processing_system7_0/U0/PS7_i/MAXIGP0WSTRB[1]
                         net (fo=666, routed)         8.059    14.103    system_i/triggers_0/s00_axi_wstrb[1]
    SLICE_X105Y91        LUT6 (Prop_lut6_I2_O)        0.124    14.227 r  system_i/triggers_0/slv_reg6[13]_i_1/O
                         net (fo=1, routed)           0.000    14.227    system_i/triggers_0/n_0_slv_reg6[13]_i_1
    SLICE_X105Y91        FDRE                                         r  system_i/triggers_0/U0/triggers_v1_0_S00_AXI_inst/slv_reg6_reg[13]/D
  -------------------------------------------------------------------    -------------------

                         (clock clk_fpga_0 rise edge)
                                                     10.000    10.000 r  
    PS7_X0Y0             PS7                          0.000    10.000 r  system_i/processing_system7_0/U0/PS7_i/FCLKCLK[0]
                         net (fo=1, routed)           2.376    12.376    system_i/processing_system7_0/U0/FCLK_CLK_unbuffered[0]
    BUFGCTRL_X0Y16       BUFG (Prop_bufg_I_O)         0.091    12.467 r  system_i/processing_system7_0/U0/buffer_fclk_clk_0.FCLK_CLK_0_BUFG/O
                         net (fo=9091, routed)        1.608    14.075    system_i/triggers_0/s00_axi_aclk
    SLICE_X105Y91                                                     r  system_i/triggers_0/U0/triggers_v1_0_S00_AXI_inst/slv_reg6_reg[13]/C
                         clock pessimism              0.428    14.503    
                         clock uncertainty           -0.154    14.349    
    SLICE_X105Y91        FDRE (Setup_fdre_C_D)        0.031    14.380    system_i/triggers_0/U0/triggers_v1_0_S00_AXI_inst/slv_reg6_reg[13]
  -------------------------------------------------------------------
                         required time                         14.380    
                         arrival time                         -14.227    
  -------------------------------------------------------------------
                         slack                                  0.153    





Min Delay Paths
--------------------------------------------------------------------------------------
Slack (MET) :             0.047ns  (arrival time - required time)
  Source:                 system_i/axi_interconnect_0/m16_couplers/auto_cc/inst/gen_clock_conv.gen_async_conv.asyncfifo_axi/inst_fifo_gen/gaxi_full_lite.gwrite_ch.gwdch2.axi_wdch/grf.rf/gntv_or_sync_fifo.gl0.wr/wpntr/gic0.gc0.count_d2_reg[3]/C
                            (rising edge-triggered cell FDCE clocked by clk_fpga_0  {rise@0.000ns fall@5.000ns period=10.000ns})
  Destination:            system_i/axi_interconnect_0/m16_couplers/auto_cc/inst/gen_clock_conv.gen_async_conv.asyncfifo_axi/inst_fifo_gen/gaxi_full_lite.gwrite_ch.gwdch2.axi_wdch/grf.rf/gntv_or_sync_fifo.mem/gdm.dm/RAM_reg_0_15_12_17/RAMA/WADR3
                            (rising edge-triggered cell RAMD32 clocked by clk_fpga_0  {rise@0.000ns fall@5.000ns period=10.000ns})
  Path Group:             clk_fpga_0
  Path Type:              Hold (Min at Fast Process Corner)
  Requirement:            0.000ns  (clk_fpga_0 rise@0.000ns - clk_fpga_0 rise@0.000ns)
  Data Path Delay:        0.300ns  (logic 0.141ns (47.067%)  route 0.159ns (52.933%))
  Logic Levels:           0  
  Clock Path Skew:        0.013ns (DCD - SCD - CPR)
    Destination Clock Delay (DCD):    2.336ns
    Source Clock Delay      (SCD):    1.884ns
    Clock Pessimism Removal (CPR):    0.439ns

    Location             Delay type                Incr(ns)  Path(ns)    Netlist Resource(s)
  -------------------------------------------------------------------    -------------------
                         (clock clk_fpga_0 rise edge)
                                                      0.000     0.000 r  
    PS7_X0Y0             PS7                          0.000     0.000 r  system_i/processing_system7_0/U0/PS7_i/FCLKCLK[0]
                         net (fo=1, routed)           1.169     1.169    system_i/processing_system7_0/U0/FCLK_CLK_unbuffered[0]
    BUFGCTRL_X0Y16       BUFG (Prop_bufg_I_O)         0.026     1.195 r  system_i/processing_system7_0/U0/buffer_fclk_clk_0.FCLK_CLK_0_BUFG/O
                         net (fo=9091, routed)        0.689     1.884    system_i/axi_interconnect_0/m16_couplers/auto_cc/inst/s_axi_aclk
    SLICE_X95Y146                                                     r  system_i/axi_interconnect_0/m16_couplers/auto_cc/inst/gen_clock_conv.gen_async_conv.asyncfifo_axi/inst_fifo_gen/gaxi_full_lite.gwrite_ch.gwdch2.axi_wdch/grf.rf/gntv_or_sync_fifo.gl0.wr/wpntr/gic0.gc0.count_d2_reg[3]/C
  -------------------------------------------------------------------    -------------------
    SLICE_X95Y146        FDCE (Prop_fdce_C_Q)         0.141     2.025 r  system_i/axi_interconnect_0/m16_couplers/auto_cc/inst/gen_clock_conv.gen_async_conv.asyncfifo_axi/inst_fifo_gen/gaxi_full_lite.gwrite_ch.gwdch2.axi_wdch/grf.rf/gntv_or_sync_fifo.gl0.wr/wpntr/gic0.gc0.count_d2_reg[3]/Q
                         net (fo=50, routed)          0.159     2.184    system_i/axi_interconnect_0/m16_couplers/auto_cc/inst/gen_clock_conv.gen_async_conv.asyncfifo_axi/inst_fifo_gen/gaxi_full_lite.gwrite_ch.gwdch2.axi_wdch/grf.rf/gntv_or_sync_fifo.mem/gdm.dm/RAM_reg_0_15_12_17/ADDRD3
    SLICE_X94Y146        RAMD32                                       r  system_i/axi_interconnect_0/m16_couplers/auto_cc/inst/gen_clock_conv.gen_async_conv.asyncfifo_axi/inst_fifo_gen/gaxi_full_lite.gwrite_ch.gwdch2.axi_wdch/grf.rf/gntv_or_sync_fifo.mem/gdm.dm/RAM_reg_0_15_12_17/RAMA/WADR3
  -------------------------------------------------------------------    -------------------

                         (clock clk_fpga_0 rise edge)
                                                      0.000     0.000 r  
    PS7_X0Y0             PS7                          0.000     0.000 r  system_i/processing_system7_0/U0/PS7_i/FCLKCLK[0]
                         net (fo=1, routed)           1.344     1.344    system_i/processing_system7_0/U0/FCLK_CLK_unbuffered[0]
    BUFGCTRL_X0Y16       BUFG (Prop_bufg_I_O)         0.029     1.373 r  system_i/processing_system7_0/U0/buffer_fclk_clk_0.FCLK_CLK_0_BUFG/O
                         net (fo=9091, routed)        0.963     2.336    system_i/axi_interconnect_0/m16_couplers/auto_cc/inst/gen_clock_conv.gen_async_conv.asyncfifo_axi/inst_fifo_gen/gaxi_full_lite.gwrite_ch.gwdch2.axi_wdch/grf.rf/gntv_or_sync_fifo.mem/gdm.dm/RAM_reg_0_15_12_17/WCLK
    SLICE_X94Y146                                                     r  system_i/axi_interconnect_0/m16_couplers/auto_cc/inst/gen_clock_conv.gen_async_conv.asyncfifo_axi/inst_fifo_gen/gaxi_full_lite.gwrite_ch.gwdch2.axi_wdch/grf.rf/gntv_or_sync_fifo.mem/gdm.dm/RAM_reg_0_15_12_17/RAMA/CLK
                         clock pessimism             -0.439     1.897    
    SLICE_X94Y146        RAMD32 (Hold_ramd32_CLK_WADR3)
                                                      0.240     2.137    system_i/axi_interconnect_0/m16_couplers/auto_cc/inst/gen_clock_conv.gen_async_conv.asyncfifo_axi/inst_fifo_gen/gaxi_full_lite.gwrite_ch.gwdch2.axi_wdch/grf.rf/gntv_or_sync_fifo.mem/gdm.dm/RAM_reg_0_15_12_17/RAMA
  -------------------------------------------------------------------
                         required time                         -2.137    
                         arrival time                           2.184    
  -------------------------------------------------------------------
                         slack                                  0.047    





Pulse Width Checks
--------------------------------------------------------------------------------------
Clock Name:         clk_fpga_0
Waveform:           { 0 5 }
Period:             10.000
Sources:            { system_i/processing_system7_0/U0/PS7_i/FCLKCLK[0] }

Check Type        Corner  Lib Pin     Reference Pin  Required  Actual  Slack  Location       Pin
Min Period        n/a     XADC/DCLK   n/a            4.000     10.000  6.000  XADC_X0Y0      system_i/xadc_wiz_0/U0/AXI_XADC_CORE_I/XADC_INST/DCLK
Low Pulse Width   Fast    RAMD32/CLK  n/a            1.250     5.000   3.750  SLICE_X46Y103  system_i/axi_interconnect_0/m14_couplers/auto_cc/inst/gen_clock_conv.gen_async_conv.asyncfifo_axi/inst_fifo_gen/gaxi_full_lite.gread_ch.grach2.axi_rach/grf.rf/gntv_or_sync_fifo.mem/gdm.dm/RAM_reg_0_15_0_5/RAMA/CLK
High Pulse Width  Slow    RAMD32/CLK  n/a            1.250     5.000   3.750  SLICE_X54Y130  system_i/axi_interconnect_0/m19_couplers/auto_cc/inst/gen_clock_conv.gen_async_conv.asyncfifo_axi/inst_fifo_gen/gaxi_full_lite.gread_ch.grach2.axi_rach/grf.rf/gntv_or_sync_fifo.mem/gdm.dm/RAM_reg_0_15_12_17/RAMA/CLK



---------------------------------------------------------------------------------------------------
Path Group:  **async_default**
From Clock:  clk_fpga_0
  To Clock:  clk_fpga_0

Setup :            0  Failing Endpoints,  Worst Slack        4.079ns,  Total Violation        0.000ns
Hold  :            0  Failing Endpoints,  Worst Slack        0.107ns,  Total Violation        0.000ns
---------------------------------------------------------------------------------------------------


Max Delay Paths
--------------------------------------------------------------------------------------
Slack (MET) :             4.079ns  (required time - arrival time)
  Source:                 system_i/axi_interconnect_0/m19_couplers/auto_cc/inst/gen_clock_conv.gen_async_conv.asyncfifo_axi/inst_fifo_gen/gaxi_full_lite.gread_ch.grdch2.axi_rdch/grf.rf/rstblk/ngwrdrst.grst.g7serrst.rd_rst_asreg_reg/C
                            (rising edge-triggered cell FDPE clocked by clk_fpga_0  {rise@0.000ns fall@5.000ns period=10.000ns})
  Destination:            system_i/axi_interconnect_0/m19_couplers/auto_cc/inst/gen_clock_conv.gen_async_conv.asyncfifo_axi/inst_fifo_gen/gaxi_full_lite.gread_ch.grdch2.axi_rdch/grf.rf/rstblk/ngwrdrst.grst.g7serrst.rd_rst_reg_reg[0]/PRE
                            (recovery check against rising-edge clock clk_fpga_0  {rise@0.000ns fall@5.000ns period=10.000ns})
  Path Group:             **async_default**
  Path Type:              Recovery (Max at Slow Process Corner)
  Requirement:            10.000ns  (clk_fpga_0 rise@10.000ns - clk_fpga_0 rise@0.000ns)
  Data Path Delay:        5.451ns  (logic 0.773ns (14.180%)  route 4.678ns (85.820%))
  Logic Levels:           1  (LUT2=1)
  Clock Path Skew:        0.043ns (DCD - SCD + CPR)
    Destination Clock Delay (DCD):    4.312ns = ( 14.312 - 10.000 ) 
    Source Clock Delay      (SCD):    4.683ns
    Clock Pessimism Removal (CPR):    0.414ns
  Clock Uncertainty:      0.154ns  ((TSJ^2 + TIJ^2)^1/2 + DJ) / 2 + PE
    Total System Jitter     (TSJ):    0.071ns
    Total Input Jitter      (TIJ):    0.300ns
    Discrete Jitter          (DJ):    0.000ns
    Phase Error              (PE):    0.000ns

    Location             Delay type                Incr(ns)  Path(ns)    Netlist Resource(s)
  -------------------------------------------------------------------    -------------------
                         (clock clk_fpga_0 rise edge)
                                                      0.000     0.000 r  
    PS7_X0Y0             PS7                          0.000     0.000 r  system_i/processing_system7_0/U0/PS7_i/FCLKCLK[0]
                         net (fo=1, routed)           2.780     2.780    system_i/processing_system7_0/U0/FCLK_CLK_unbuffered[0]
    BUFGCTRL_X0Y16       BUFG (Prop_bufg_I_O)         0.101     2.881 r  system_i/processing_system7_0/U0/buffer_fclk_clk_0.FCLK_CLK_0_BUFG/O
                         net (fo=9091, routed)        1.802     4.683    system_i/axi_interconnect_0/m19_couplers/auto_cc/inst/s_axi_aclk
    SLICE_X96Y3                                                       r  system_i/axi_interconnect_0/m19_couplers/auto_cc/inst/gen_clock_conv.gen_async_conv.asyncfifo_axi/inst_fifo_gen/gaxi_full_lite.gread_ch.grdch2.axi_rdch/grf.rf/rstblk/ngwrdrst.grst.g7serrst.rd_rst_asreg_reg/C
  -------------------------------------------------------------------    -------------------
    SLICE_X96Y3          FDPE (Prop_fdpe_C_Q)         0.478     5.161 f  system_i/axi_interconnect_0/m19_couplers/auto_cc/inst/gen_clock_conv.gen_async_conv.asyncfifo_axi/inst_fifo_gen/gaxi_full_lite.gread_ch.grdch2.axi_rdch/grf.rf/rstblk/ngwrdrst.grst.g7serrst.rd_rst_asreg_reg/Q
                         net (fo=3, routed)           0.328     5.490    system_i/axi_interconnect_0/m19_couplers/auto_cc/inst/gen_clock_conv.gen_async_conv.asyncfifo_axi/inst_fifo_gen/gaxi_full_lite.gread_ch.grdch2.axi_rdch/grf.rf/rstblk/rd_rst_asreg
    SLICE_X97Y4          LUT2 (Prop_lut2_I0_O)        0.295     5.785 f  system_i/axi_interconnect_0/m19_couplers/auto_cc/inst/ngwrdrst.grst.g7serrst.rd_rst_reg[2]_i_1__3/O
                         net (fo=3, routed)           4.350    10.135    system_i/axi_interconnect_0/m19_couplers/auto_cc/inst/n_0_ngwrdrst.grst.g7serrst.rd_rst_reg[2]_i_1__3
    SLICE_X111Y126       FDPE                                         f  system_i/axi_interconnect_0/m19_couplers/auto_cc/inst/gen_clock_conv.gen_async_conv.asyncfifo_axi/inst_fifo_gen/gaxi_full_lite.gread_ch.grdch2.axi_rdch/grf.rf/rstblk/ngwrdrst.grst.g7serrst.rd_rst_reg_reg[0]/PRE
  -------------------------------------------------------------------    -------------------

                         (clock clk_fpga_0 rise edge)
                                                     10.000    10.000 r  
    PS7_X0Y0             PS7                          0.000    10.000 r  system_i/processing_system7_0/U0/PS7_i/FCLKCLK[0]
                         net (fo=1, routed)           2.376    12.376    system_i/processing_system7_0/U0/FCLK_CLK_unbuffered[0]
    BUFGCTRL_X0Y16       BUFG (Prop_bufg_I_O)         0.091    12.467 r  system_i/processing_system7_0/U0/buffer_fclk_clk_0.FCLK_CLK_0_BUFG/O
                         net (fo=9091, routed)        1.845    14.312    system_i/axi_interconnect_0/m19_couplers/auto_cc/inst/s_axi_aclk
    SLICE_X111Y126                                                    r  system_i/axi_interconnect_0/m19_couplers/auto_cc/inst/gen_clock_conv.gen_async_conv.asyncfifo_axi/inst_fifo_gen/gaxi_full_lite.gread_ch.grdch2.axi_rdch/grf.rf/rstblk/ngwrdrst.grst.g7serrst.rd_rst_reg_reg[0]/C
                         clock pessimism              0.414    14.726    
                         clock uncertainty           -0.154    14.572    
    SLICE_X111Y126       FDPE (Recov_fdpe_C_PRE)     -0.359    14.213    system_i/axi_interconnect_0/m19_couplers/auto_cc/inst/gen_clock_conv.gen_async_conv.asyncfifo_axi/inst_fifo_gen/gaxi_full_lite.gread_ch.grdch2.axi_rdch/grf.rf/rstblk/ngwrdrst.grst.g7serrst.rd_rst_reg_reg[0]
  -------------------------------------------------------------------
                         required time                         14.213    
                         arrival time                         -10.135    
  -------------------------------------------------------------------
                         slack                                  4.079    





Min Delay Paths
--------------------------------------------------------------------------------------
Slack (MET) :             0.107ns  (arrival time - required time)
  Source:                 system_i/axi_interconnect_0/m14_couplers/auto_cc/inst/gen_clock_conv.gen_async_conv.asyncfifo_axi/inst_fifo_gen/gaxi_full_lite.gread_ch.grach2.axi_rach/grf.rf/rstblk/ngwrdrst.grst.g7serrst.wr_rst_reg_reg[0]/C
                            (rising edge-triggered cell FDPE clocked by clk_fpga_0  {rise@0.000ns fall@5.000ns period=10.000ns})
  Destination:            system_i/axi_interconnect_0/m14_couplers/auto_cc/inst/gen_clock_conv.gen_async_conv.asyncfifo_axi/inst_fifo_gen/gaxi_full_lite.gread_ch.grach2.axi_rach/grf.rf/gntv_or_sync_fifo.gcx.clkx/gsync_stage[1].wr_stg_inst/Q_reg_reg[1]/CLR
                            (removal check against rising-edge clock clk_fpga_0  {rise@0.000ns fall@5.000ns period=10.000ns})
  Path Group:             **async_default**
  Path Type:              Removal (Min at Fast Process Corner)
  Requirement:            0.000ns  (clk_fpga_0 rise@0.000ns - clk_fpga_0 rise@0.000ns)
  Data Path Delay:        0.389ns  (logic 0.141ns (36.241%)  route 0.248ns (63.759%))
  Logic Levels:           0  
  Clock Path Skew:        0.349ns (DCD - SCD - CPR)
    Destination Clock Delay (DCD):    2.284ns
    Source Clock Delay      (SCD):    1.752ns
    Clock Pessimism Removal (CPR):    0.183ns

    Location             Delay type                Incr(ns)  Path(ns)    Netlist Resource(s)
  -------------------------------------------------------------------    -------------------
                         (clock clk_fpga_0 rise edge)
                                                      0.000     0.000 r  
    PS7_X0Y0             PS7                          0.000     0.000 r  system_i/processing_system7_0/U0/PS7_i/FCLKCLK[0]
                         net (fo=1, routed)           1.169     1.169    system_i/processing_system7_0/U0/FCLK_CLK_unbuffered[0]
    BUFGCTRL_X0Y16       BUFG (Prop_bufg_I_O)         0.026     1.195 r  system_i/processing_system7_0/U0/buffer_fclk_clk_0.FCLK_CLK_0_BUFG/O
                         net (fo=9091, routed)        0.557     1.752    system_i/axi_interconnect_0/m14_couplers/auto_cc/inst/s_axi_aclk
    SLICE_X40Y99                                                      r  system_i/axi_interconnect_0/m14_couplers/auto_cc/inst/gen_clock_conv.gen_async_conv.asyncfifo_axi/inst_fifo_gen/gaxi_full_lite.gread_ch.grach2.axi_rach/grf.rf/rstblk/ngwrdrst.grst.g7serrst.wr_rst_reg_reg[0]/C
  -------------------------------------------------------------------    -------------------
    SLICE_X40Y99         FDPE (Prop_fdpe_C_Q)         0.141     1.893 f  system_i/axi_interconnect_0/m14_couplers/auto_cc/inst/gen_clock_conv.gen_async_conv.asyncfifo_axi/inst_fifo_gen/gaxi_full_lite.gread_ch.grach2.axi_rach/grf.rf/rstblk/ngwrdrst.grst.g7serrst.wr_rst_reg_reg[0]/Q
                         net (fo=20, routed)          0.248     2.141    system_i/axi_interconnect_0/m14_couplers/auto_cc/inst/n_0_gen_clock_conv.gen_async_conv.asyncfifo_axi/inst_fifo_gen/gaxi_full_lite.gread_ch.grach2.axi_rach/grf.rf/rstblk/ngwrdrst.grst.g7serrst.wr_rst_reg_reg[0]
    SLICE_X42Y100        FDCE                                         f  system_i/axi_interconnect_0/m14_couplers/auto_cc/inst/gen_clock_conv.gen_async_conv.asyncfifo_axi/inst_fifo_gen/gaxi_full_lite.gread_ch.grach2.axi_rach/grf.rf/gntv_or_sync_fifo.gcx.clkx/gsync_stage[1].wr_stg_inst/Q_reg_reg[1]/CLR
  -------------------------------------------------------------------    -------------------

                         (clock clk_fpga_0 rise edge)
                                                      0.000     0.000 r  
    PS7_X0Y0             PS7                          0.000     0.000 r  system_i/processing_system7_0/U0/PS7_i/FCLKCLK[0]
                         net (fo=1, routed)           1.344     1.344    system_i/processing_system7_0/U0/FCLK_CLK_unbuffered[0]
    BUFGCTRL_X0Y16       BUFG (Prop_bufg_I_O)         0.029     1.373 r  system_i/processing_system7_0/U0/buffer_fclk_clk_0.FCLK_CLK_0_BUFG/O
                         net (fo=9091, routed)        0.911     2.284    system_i/axi_interconnect_0/m14_couplers/auto_cc/inst/s_axi_aclk
    SLICE_X42Y100                                                     r  system_i/axi_interconnect_0/m14_couplers/auto_cc/inst/gen_clock_conv.gen_async_conv.asyncfifo_axi/inst_fifo_gen/gaxi_full_lite.gread_ch.grach2.axi_rach/grf.rf/gntv_or_sync_fifo.gcx.clkx/gsync_stage[1].wr_stg_inst/Q_reg_reg[1]/C
                         clock pessimism             -0.183     2.101    
    SLICE_X42Y100        FDCE (Remov_fdce_C_CLR)     -0.067     2.034    system_i/axi_interconnect_0/m14_couplers/auto_cc/inst/gen_clock_conv.gen_async_conv.asyncfifo_axi/inst_fifo_gen/gaxi_full_lite.gread_ch.grach2.axi_rach/grf.rf/gntv_or_sync_fifo.gcx.clkx/gsync_stage[1].wr_stg_inst/Q_reg_reg[1]
  -------------------------------------------------------------------
                         required time                         -2.034    
                         arrival time                           2.141    
  -------------------------------------------------------------------
                         slack                                  0.107    





---------------------------------------------------------------------------------------------------
Path Group:  **default**
From Clock:  clk_fpga_0
  To Clock:  

Setup :            0  Failing Endpoints,  Worst Slack        7.160ns,  Total Violation        0.000ns
Hold  :               Failing Endpoints,  Worst Slack               ,  Total Violation             
---------------------------------------------------------------------------------------------------


Max Delay Paths
--------------------------------------------------------------------------------------
Slack (MET) :             7.160ns  (required time - arrival time)
  Source:                 system_i/axi_interconnect_0/m17_couplers/auto_cc/inst/gen_clock_conv.gen_async_conv.asyncfifo_axi/inst_fifo_gen/gaxi_full_lite.gwrite_ch.gwdch2.axi_wdch/grf.rf/gntv_or_sync_fifo.mem/gdm.dm/RAM_reg_0_15_12_17/RAMB/CLK
                            (rising edge-triggered cell RAMD32 clocked by clk_fpga_0)
  Destination:            system_i/axi_interconnect_0/m17_couplers/auto_cc/inst/gen_clock_conv.gen_async_conv.asyncfifo_axi/inst_fifo_gen/gaxi_full_lite.gwrite_ch.gwdch2.axi_wdch/grf.rf/gntv_or_sync_fifo.mem/gdm.dm/gpr1.dout_i_reg[14]/D
  Path Group:             **default**
  Path Type:              Setup (Max at Slow Process Corner)
  Requirement:            10.000ns  (MaxDelay Path 10.000ns)
  Data Path Delay:        2.549ns  (logic 1.343ns (52.679%)  route 1.206ns (47.321%))
  Logic Levels:           0  
  Timing Exception:       MaxDelay Path 10.000ns -datapath_only

    Location             Delay type                Incr(ns)  Path(ns)    Netlist Resource(s)
  -------------------------------------------------------------------    -------------------
    SLICE_X112Y137                                    0.000     0.000 r  system_i/axi_interconnect_0/m17_couplers/auto_cc/inst/gen_clock_conv.gen_async_conv.asyncfifo_axi/inst_fifo_gen/gaxi_full_lite.gwrite_ch.gwdch2.axi_wdch/grf.rf/gntv_or_sync_fifo.mem/gdm.dm/RAM_reg_0_15_12_17/RAMB/CLK
    SLICE_X112Y137       RAMD32 (Prop_ramd32_CLK_O)
                                                      1.343     1.343 r  system_i/axi_interconnect_0/m17_couplers/auto_cc/inst/gen_clock_conv.gen_async_conv.asyncfifo_axi/inst_fifo_gen/gaxi_full_lite.gwrite_ch.gwdch2.axi_wdch/grf.rf/gntv_or_sync_fifo.mem/gdm.dm/RAM_reg_0_15_12_17/RAMB/O
                         net (fo=1, routed)           1.206     2.549    system_i/axi_interconnect_0/m17_couplers/auto_cc/inst/gen_clock_conv.gen_async_conv.asyncfifo_axi/inst_fifo_gen/gaxi_full_lite.gwrite_ch.gwdch2.axi_wdch/grf.rf/gntv_or_sync_fifo.mem/gdm.dm/p_0_out[14]
    SLICE_X106Y136       FDRE                                         r  system_i/axi_interconnect_0/m17_couplers/auto_cc/inst/gen_clock_conv.gen_async_conv.asyncfifo_axi/inst_fifo_gen/gaxi_full_lite.gwrite_ch.gwdch2.axi_wdch/grf.rf/gntv_or_sync_fifo.mem/gdm.dm/gpr1.dout_i_reg[14]/D
  -------------------------------------------------------------------    -------------------

                         max delay                   10.000    10.000    
    SLICE_X106Y136       FDRE (Setup_fdre_C_D)       -0.291     9.709    system_i/axi_interconnect_0/m17_couplers/auto_cc/inst/gen_clock_conv.gen_async_conv.asyncfifo_axi/inst_fifo_gen/gaxi_full_lite.gwrite_ch.gwdch2.axi_wdch/grf.rf/gntv_or_sync_fifo.mem/gdm.dm/gpr1.dout_i_reg[14]
  -------------------------------------------------------------------
                         required time                          9.709    
                         arrival time                          -2.549    
  -------------------------------------------------------------------
                         slack                                  7.160    





